#
# There is insufficient memory for the Java Runtime Environment to continue.
# Native memory allocation (malloc) failed to allocate 1048576 bytes. Error detail: AllocateHeap
# Possible reasons:
#   The system is out of physical RAM or swap space
#   This process is running with CompressedOops enabled, and the Java Heap may be blocking the growth of the native heap
# Possible solutions:
#   Reduce memory load on the system
#   Increase physical memory or swap space
#   Check if swap backing store is full
#   Decrease Java heap size (-Xmx/-Xms)
#   Decrease number of Java threads
#   Decrease Java thread stack sizes (-Xss)
#   Set larger code cache with -XX:ReservedCodeCacheSize=
#   JVM is running with Unscaled Compressed Oops mode in which the Java heap is
#     placed in the first 4GB address space. The Java Heap base address is the
#     maximum limit for the native heap growth. Please use -XX:HeapBaseMinAddress
#     to set the Java Heap base and to place the Java Heap above 4GB virtual address.
# This output file may be truncated or incomplete.
#
#  Out of Memory Error (allocation.cpp:44), pid=17848, tid=16912
#
# JRE version: OpenJDK Runtime Environment Temurin-21.0.9+10 (21.0.9+10) (build 21.0.9+10-LTS)
# Java VM: OpenJDK 64-Bit Server VM Temurin-21.0.9+10 (21.0.9+10-LTS, mixed mode, sharing, tiered, compressed oops, compressed class ptrs, parallel gc, windows-amd64)
# No core dump will be written. Minidumps are not enabled by default on client versions of Windows
#

---------------  S U M M A R Y ------------

Command Line: --add-modules=ALL-SYSTEM --add-opens=java.base/java.util=ALL-UNNAMED --add-opens=java.base/java.lang=ALL-UNNAMED --add-opens=java.base/sun.nio.fs=ALL-UNNAMED -Declipse.application=org.eclipse.jdt.ls.core.id1 -Dosgi.bundles.defaultStartLevel=4 -Declipse.product=org.eclipse.jdt.ls.core.product -Djava.import.generatesMetadataFilesAtProjectRoot=false -DDetectVMInstallationsJob.disabled=true -Dfile.encoding=utf8 -XX:+UseParallelGC -XX:GCTimeRatio=4 -XX:AdaptiveSizePolicyWeight=90 -Dsun.zip.disableMemoryMapping=true -Xmx2G -Xms100m -Xlog:disable -javaagent:c:\Users\Srinithi\.cursor\extensions\redhat.java-1.52.0-win32-x64\lombok\lombok-1.18.39-4050.jar -XX:+HeapDumpOnOutOfMemoryError -XX:HeapDumpPath=c:\Users\Srinithi\AppData\Roaming\Cursor\User\workspaceStorage\4bfdcf8b3d8df6b657fd0604f1fe5968\redhat.java -Daether.dependencyCollector.impl=bf c:\Users\Srinithi\.cursor\extensions\redhat.java-1.52.0-win32-x64\server\plugins\org.eclipse.equinox.launcher_1.7.100.v20251111-0406.jar -configuration c:\Users\Srinithi\AppData\Roaming\Cursor\User\globalStorage\redhat.java\1.52.0\config_win -data c:\Users\Srinithi\AppData\Roaming\Cursor\User\workspaceStorage\4bfdcf8b3d8df6b657fd0604f1fe5968\redhat.java\jdt_ws --pipe=\\.\pipe\lsp-8466acf608df3bc5bab93cae4791474f-sock

Host: AMD Ryzen 3 7320U with Radeon Graphics         , 8 cores, 7G,  Windows 11 , 64 bit Build 26100 (10.0.26100.7705)
Time: Sun Feb  8 15:42:52 2026 India Standard Time elapsed time: 4746.757622 seconds (0d 1h 19m 6s)

---------------  T H R E A D  ---------------

Current thread (0x000002337d28afd0):  JavaThread "Attach Listener" daemon [_thread_in_vm, id=16912, stack(0x000000a71c200000,0x000000a71c300000) (1024K)]

Stack: [0x000000a71c200000,0x000000a71c300000]
Native frames: (J=compiled Java code, j=interpreted, Vv=VM code, C=native code)
V  [jvm.dll+0x6d6e29]
V  [jvm.dll+0x8b4b76]
V  [jvm.dll+0x8b712e]
V  [jvm.dll+0x8b7813]
V  [jvm.dll+0x283d86]
V  [jvm.dll+0xc1277]
V  [jvm.dll+0x6d76d9]
V  [jvm.dll+0x133466]
V  [jvm.dll+0x3f7ea6]
V  [jvm.dll+0x85e9ad]
V  [jvm.dll+0x6d565d]
C  [ucrtbase.dll+0x37b0]
C  [KERNEL32.DLL+0x2e8d7]
C  [ntdll.dll+0x8c40c]


---------------  P R O C E S S  ---------------

Threads class SMR info:
_java_thread_list=0x0000023359d2f340, length=41, elements={
0x00000233797ee9f0, 0x00000233798ab6d0, 0x00000233798adca0, 0x000002337d267450,
0x000002337d28afd0, 0x000002337d28eaa0, 0x000002337d28fe50, 0x000002337eb3ac10,
0x000002337eb415e0, 0x000002337d2904e0, 0x000002337d28d060, 0x000002337d28f130,
0x000002337d28f7c0, 0x000002337d28e410, 0x000002337d28d6f0, 0x000002337d28dd80,
0x000002337ee54340, 0x000002337ee52270, 0x000002337ee55d80, 0x000002337ee556f0,
0x000002337ee52900, 0x000002337ee55060, 0x000002337ee59890, 0x000002337ee57e50,
0x000002337ee57130, 0x000002337ee584e0, 0x000002337ee58b70, 0x000002335a0dfb20,
0x000002335a0e01b0, 0x000002335a0dcd30, 0x000002335a0e0840, 0x000002335a0de0e0,
0x000002335a0dd3c0, 0x000002335a0e0ed0, 0x000002335a0e1560, 0x000002335a0e1bf0,
0x000002335a0e2280, 0x000002335a0df490, 0x000002335a0e2fa0, 0x000002337ee52f90,
0x000002337ee53620
}

Java Threads: ( => current thread )
  0x00000233797ee9f0 JavaThread "main"                              [_thread_blocked, id=25196, stack(0x000000a71bb00000,0x000000a71bc00000) (1024K)]
  0x00000233798ab6d0 JavaThread "Reference Handler"          daemon [_thread_blocked, id=26996, stack(0x000000a71bf00000,0x000000a71c000000) (1024K)]
  0x00000233798adca0 JavaThread "Finalizer"                  daemon [_thread_blocked, id=12376, stack(0x000000a71c000000,0x000000a71c100000) (1024K)]
  0x000002337d267450 JavaThread "Signal Dispatcher"          daemon [_thread_blocked, id=31908, stack(0x000000a71c100000,0x000000a71c200000) (1024K)]
=>0x000002337d28afd0 JavaThread "Attach Listener"            daemon [_thread_in_vm, id=16912, stack(0x000000a71c200000,0x000000a71c300000) (1024K)]
  0x000002337d28eaa0 JavaThread "Service Thread"             daemon [_thread_blocked, id=29632, stack(0x000000a71c300000,0x000000a71c400000) (1024K)]
  0x000002337d28fe50 JavaThread "Monitor Deflation Thread"   daemon [_thread_blocked, id=28488, stack(0x000000a71c400000,0x000000a71c500000) (1024K)]
  0x000002337eb3ac10 JavaThread "C2 CompilerThread0"         daemon [_thread_blocked, id=15036, stack(0x000000a71c500000,0x000000a71c600000) (1024K)]
  0x000002337eb415e0 JavaThread "C1 CompilerThread0"         daemon [_thread_blocked, id=33220, stack(0x000000a71c600000,0x000000a71c700000) (1024K)]
  0x000002337d2904e0 JavaThread "Common-Cleaner"             daemon [_thread_blocked, id=14496, stack(0x000000a71c700000,0x000000a71c800000) (1024K)]
  0x000002337d28d060 JavaThread "Notification Thread"        daemon [_thread_blocked, id=25548, stack(0x000000a71c900000,0x000000a71ca00000) (1024K)]
  0x000002337d28f130 JavaThread "Active Thread: Equinox Container: 65f87957-6c3d-4301-bdc2-02a3dbbe1c2e"        [_thread_blocked, id=16272, stack(0x000000a71c800000,0x000000a71c900000) (1024K)]
  0x000002337d28f7c0 JavaThread "Refresh Thread: Equinox Container: 65f87957-6c3d-4301-bdc2-02a3dbbe1c2e" daemon [_thread_blocked, id=14056, stack(0x000000a71d100000,0x000000a71d200000) (1024K)]
  0x000002337d28e410 JavaThread "Framework Event Dispatcher: Equinox Container: 65f87957-6c3d-4301-bdc2-02a3dbbe1c2e" daemon [_thread_blocked, id=13596, stack(0x000000a71d200000,0x000000a71d300000) (1024K)]
  0x000002337d28d6f0 JavaThread "Start Level: Equinox Container: 65f87957-6c3d-4301-bdc2-02a3dbbe1c2e" daemon [_thread_blocked, id=22620, stack(0x000000a71d300000,0x000000a71d400000) (1024K)]
  0x000002337d28dd80 JavaThread "Bundle File Closer"         daemon [_thread_blocked, id=11084, stack(0x000000a71d500000,0x000000a71d600000) (1024K)]
  0x000002337ee54340 JavaThread "SCR Component Actor"        daemon [_thread_blocked, id=16828, stack(0x000000a71d400000,0x000000a71d500000) (1024K)]
  0x000002337ee52270 JavaThread "Worker-JM"                         [_thread_blocked, id=8768, stack(0x000000a71d700000,0x000000a71d800000) (1024K)]
  0x000002337ee55d80 JavaThread "JNA Cleaner"                daemon [_thread_blocked, id=24056, stack(0x000000a71d800000,0x000000a71d900000) (1024K)]
  0x000002337ee556f0 JavaThread "Worker-1"                          [_thread_blocked, id=32052, stack(0x000000a71da00000,0x000000a71db00000) (1024K)]
  0x000002337ee52900 JavaThread "Worker-2"                          [_thread_blocked, id=24588, stack(0x000000a71db00000,0x000000a71dc00000) (1024K)]
  0x000002337ee55060 JavaThread "Java indexing"              daemon [_thread_blocked, id=9220, stack(0x000000a71d600000,0x000000a71d700000) (1024K)]
  0x000002337ee59890 JavaThread "Thread-1"                   daemon [_thread_in_native, id=15352, stack(0x000000a71e300000,0x000000a71e400000) (1024K)]
  0x000002337ee57e50 JavaThread "Thread-2"                   daemon [_thread_in_native, id=34616, stack(0x000000a71e400000,0x000000a71e500000) (1024K)]
  0x000002337ee57130 JavaThread "Thread-3"                   daemon [_thread_in_native, id=27916, stack(0x000000a71e500000,0x000000a71e600000) (1024K)]
  0x000002337ee584e0 JavaThread "Thread-4"                   daemon [_thread_in_native, id=25836, stack(0x000000a71e600000,0x000000a71e700000) (1024K)]
  0x000002337ee58b70 JavaThread "Thread-5"                   daemon [_thread_in_native, id=31440, stack(0x000000a71e700000,0x000000a71e800000) (1024K)]
  0x000002335a0dfb20 JavaThread "Thread-6"                   daemon [_thread_in_native, id=32652, stack(0x000000a71e800000,0x000000a71e900000) (1024K)]
  0x000002335a0e01b0 JavaThread "Thread-7"                   daemon [_thread_in_native, id=4088, stack(0x000000a71e900000,0x000000a71ea00000) (1024K)]
  0x000002335a0dcd30 JavaThread "Thread-8"                   daemon [_thread_in_native, id=25036, stack(0x000000a71ea00000,0x000000a71eb00000) (1024K)]
  0x000002335a0e0840 JavaThread "Thread-9"                   daemon [_thread_in_native, id=4432, stack(0x000000a71eb00000,0x000000a71ec00000) (1024K)]
  0x000002335a0de0e0 JavaThread "pool-2-thread-1"                   [_thread_blocked, id=20212, stack(0x000000a71ec00000,0x000000a71ed00000) (1024K)]
  0x000002335a0dd3c0 JavaThread "WorkspaceEventsHandler"            [_thread_blocked, id=20040, stack(0x000000a71ed00000,0x000000a71ee00000) (1024K)]
  0x000002335a0e0ed0 JavaThread "pool-1-thread-1"                   [_thread_blocked, id=1688, stack(0x000000a71ee00000,0x000000a71ef00000) (1024K)]
  0x000002335a0e1560 JavaThread "Timer-0"                           [_thread_blocked, id=29496, stack(0x000000a71f100000,0x000000a71f200000) (1024K)]
  0x000002335a0e1bf0 JavaThread "Timer-1"                           [_thread_blocked, id=17876, stack(0x000000a71ba00000,0x000000a71bb00000) (1024K)]
  0x000002335a0e2280 JavaThread "Timer-2"                           [_thread_blocked, id=15032, stack(0x000000a71df00000,0x000000a71e000000) (1024K)]
  0x000002335a0df490 JavaThread "Timer-3"                           [_thread_blocked, id=20560, stack(0x000000a71b900000,0x000000a71ba00000) (1024K)]
  0x000002335a0e2fa0 JavaThread "Timer-4"                           [_thread_blocked, id=34556, stack(0x000000a71d900000,0x000000a71da00000) (1024K)]
  0x000002337ee52f90 JavaThread "Timer-5"                           [_thread_blocked, id=25908, stack(0x000000a71dc00000,0x000000a71dd00000) (1024K)]
  0x000002337ee53620 JavaThread "Timer-6"                           [_thread_blocked, id=9324, stack(0x000000a71dd00000,0x000000a71de00000) (1024K)]
Total: 41

Other Threads:
  0x0000023379890c10 VMThread "VM Thread"                           [id=17240, stack(0x000000a71be00000,0x000000a71bf00000) (1024K)] _threads_hazard_ptr=0x0000023359d2f340
  0x000002337d17ca00 WatcherThread "VM Periodic Task Thread"        [id=17316, stack(0x000000a71bd00000,0x000000a71be00000) (1024K)]
  0x000002337980c550 WorkerThread "GC Thread#0"                     [id=15876, stack(0x000000a71bc00000,0x000000a71bd00000) (1024K)]
  0x000002337f362a50 WorkerThread "GC Thread#1"                     [id=2476, stack(0x000000a71ca00000,0x000000a71cb00000) (1024K)]
  0x000002337f2093a0 WorkerThread "GC Thread#2"                     [id=33332, stack(0x000000a71cb00000,0x000000a71cc00000) (1024K)]
  0x000002337f716100 WorkerThread "GC Thread#3"                     [id=20992, stack(0x000000a71cc00000,0x000000a71cd00000) (1024K)]
  0x000002337f40aab0 WorkerThread "GC Thread#4"                     [id=31172, stack(0x000000a71cd00000,0x000000a71ce00000) (1024K)]
  0x000002337f40ae50 WorkerThread "GC Thread#5"                     [id=26860, stack(0x000000a71ce00000,0x000000a71cf00000) (1024K)]
  0x000002337f40b1f0 WorkerThread "GC Thread#6"                     [id=26360, stack(0x000000a71cf00000,0x000000a71d000000) (1024K)]
  0x0000023358086e40 WorkerThread "GC Thread#7"                     [id=12224, stack(0x000000a71d000000,0x000000a71d100000) (1024K)]
Total: 10

Threads with active compile tasks:
Total: 0

VM state: not at safepoint (normal execution)

VM Mutex/Monitor currently owned by a thread: None

Heap address: 0x0000000080000000, size: 2048 MB, Compressed Oops mode: 32-bit

CDS archive(s) mapped at: [0x0000023313000000-0x0000023313ba0000-0x0000023313ba0000), size 12189696, SharedBaseAddress: 0x0000023313000000, ArchiveRelocationMode: 1.
Compressed class space mapped at: 0x0000023314000000-0x0000023354000000, reserved size: 1073741824
Narrow klass base: 0x0000023313000000, Narrow klass shift: 0, Narrow klass range: 0x100000000

GC Precious Log:
 CardTable entry size: 512
 CPUs: 8 total, 8 available
 Memory: 7412M
 Large Page Support: Disabled
 NUMA Support: Disabled
 Compressed Oops: Enabled (32-bit)
 Alignments: Space 512K, Generation 512K, Heap 2M
 Heap Min Capacity: 100M
 Heap Initial Capacity: 100M
 Heap Max Capacity: 2G
 Pre-touch: Disabled
 Parallel Workers: 8

Heap:
 PSYoungGen      total 14848K, used 6883K [0x00000000d5580000, 0x00000000d6500000, 0x0000000100000000)
  eden space 13824K, 44% used [0x00000000d5580000,0x00000000d5b78d98,0x00000000d6300000)
  from space 1024K, 75% used [0x00000000d6400000,0x00000000d64c0020,0x00000000d6500000)
  to   space 1024K, 0% used [0x00000000d6300000,0x00000000d6300000,0x00000000d6400000)
 ParOldGen       total 68608K, used 60906K [0x0000000080000000, 0x0000000084300000, 0x00000000d5580000)
  object space 68608K, 88% used [0x0000000080000000,0x0000000083b7aa78,0x0000000084300000)
 Metaspace       used 70247K, committed 71808K, reserved 1114112K
  class space    used 8729K, committed 9472K, reserved 1048576K

Card table byte_map: [0x0000023379190000,0x00000233795a0000] _byte_map_base: 0x0000023378d90000

Marking Bits: (ParMarkBitMap*) 0x00007fff3d5e2460
 Begin Bits: [0x000002330f000000, 0x0000023311000000)
 End Bits:   [0x0000023311000000, 0x0000023313000000)

Polling page: 0x0000023377690000

Metaspace:

Usage:
  Non-class:     60.08 MB used.
      Class:      8.52 MB used.
       Both:     68.60 MB used.

Virtual space:
  Non-class space:       64.00 MB reserved,      60.88 MB ( 95%) committed,  1 nodes.
      Class space:        1.00 GB reserved,       9.25 MB ( <1%) committed,  1 nodes.
             Both:        1.06 GB reserved,      70.12 MB (  6%) committed. 

Chunk freelists:
   Non-Class:  2.53 MB
       Class:  6.79 MB
        Both:  9.33 MB

MaxMetaspaceSize: unlimited
CompressedClassSpaceSize: 1.00 GB
Initial GC threshold: 21.00 MB
Current GC threshold: 97.31 MB
CDS: on
 - commit_granule_bytes: 65536.
 - commit_granule_words: 8192.
 - virtual_space_node_default_size: 8388608.
 - enlarge_chunks_in_place: 1.
 - use_allocation_guard: 0.


Internal statistics:

num_allocs_failed_limit: 9.
num_arena_births: 1356.
num_arena_deaths: 14.
num_vsnodes_births: 2.
num_vsnodes_deaths: 0.
num_space_committed: 1122.
num_space_uncommitted: 0.
num_chunks_returned_to_freelist: 23.
num_chunks_taken_from_freelist: 4441.
num_chunk_merges: 15.
num_chunk_splits: 2879.
num_chunks_enlarged: 1799.
num_inconsistent_stats: 0.

CodeHeap 'non-profiled nmethods': size=120000Kb used=6568Kb max_used=6568Kb free=113431Kb
 bounds [0x0000023307ad0000, 0x0000023308140000, 0x000002330f000000]
CodeHeap 'profiled nmethods': size=120000Kb used=17073Kb max_used=17073Kb free=102926Kb
 bounds [0x0000023300000000, 0x00000233010b0000, 0x0000023307530000]
CodeHeap 'non-nmethods': size=5760Kb used=1413Kb max_used=1475Kb free=4347Kb
 bounds [0x0000023307530000, 0x00000233077a0000, 0x0000023307ad0000]
CodeCache: size=245760Kb, used=25054Kb, max_used=25116Kb, free=220704Kb
 total_blobs=9584, nmethods=8864, adapters=626, full_count=0
Compilation: enabled, stopped_count=0, restarted_count=0

Compilation events (20 events):
Event: 3811.843 Thread 0x000002337eb3ac10 9627       4       java.util.concurrent.ScheduledThreadPoolExecutor::canRunInCurrentRunState (61 bytes)
Event: 3813.146 Thread 0x000002337eb3ac10 nmethod 9627 0x0000023308137d90 code [0x0000023308137f20, 0x0000023308137fe8]
Event: 3871.883 Thread 0x000002337eb415e0 9628       1       org.eclipse.osgi.internal.location.BasicLocation::isReadOnly (5 bytes)
Event: 3871.895 Thread 0x000002337eb415e0 nmethod 9628 0x0000023308138110 code [0x00000233081382a0, 0x0000023308138370]
Event: 3873.899 Thread 0x000002337eb415e0 9629       3       org.eclipse.core.internal.jobs.JobManager::startJob (89 bytes)
Event: 3874.096 Thread 0x000002337eb415e0 nmethod 9629 0x00000233010a8910 code [0x00000233010a8bc0, 0x00000233010a9a20]
Event: 3980.768 Thread 0x000002337eb3ac10 9631 % !   4       java.util.TimerThread::mainLoop @ 0 (232 bytes)
Event: 3981.175 Thread 0x000002337eb3ac10 nmethod 9631% 0x0000023308138410 code [0x0000023308138660, 0x0000023308139230]
Event: 4053.908 Thread 0x000002337eb415e0 9632       3       org.eclipse.core.internal.jobs.JobQueue::isEmpty (18 bytes)
Event: 4053.932 Thread 0x000002337eb415e0 nmethod 9632 0x00000233010a9e90 code [0x00000233010aa040, 0x00000233010aa1d0]
Event: 4113.923 Thread 0x000002337eb415e0 9633   !   3       org.eclipse.core.internal.jobs.JobManager::sleepHint (67 bytes)
Event: 4114.180 Thread 0x000002337eb415e0 nmethod 9633 0x00000233010aa290 code [0x00000233010aa500, 0x00000233010aafd0]
Event: 4131.062 Thread 0x000002337eb415e0 9634       3       java.util.concurrent.locks.AbstractQueuedSynchronizer::acquire (20 bytes)
Event: 4131.106 Thread 0x000002337eb415e0 nmethod 9634 0x00000233010ab490 code [0x00000233010ab660, 0x00000233010ab8d0]
Event: 4281.459 Thread 0x000002337eb3ac10 9635       4       java.lang.Thread::interrupted (7 bytes)
Event: 4281.688 Thread 0x000002337eb3ac10 nmethod 9635 0x0000023308139b90 code [0x0000023308139d20, 0x0000023308139dd8]
Event: 4327.667 Thread 0x000002337eb415e0 9636       1       com.sun.jna.internal.Cleaner::access$200 (5 bytes)
Event: 4327.686 Thread 0x000002337eb415e0 nmethod 9636 0x0000023308139e90 code [0x000002330813a020, 0x000002330813a0d0]
Event: 4331.351 Thread 0x000002337eb415e0 9637       3       org.eclipse.jdt.ls.core.internal.ParentProcessWatcher::parentProcessStillRunning (62 bytes)
Event: 4331.380 Thread 0x000002337eb415e0 nmethod 9637 0x00000233010ab990 code [0x00000233010abbc0, 0x00000233010ac2a8]

GC Heap History (20 events):
Event: 261.488 GC heap before
{Heap before GC invocations=66 (full 3):
 PSYoungGen      total 15872K, used 15680K [0x00000000d5580000, 0x00000000d6700000, 0x0000000100000000)
  eden space 14336K, 100% used [0x00000000d5580000,0x00000000d6380000,0x00000000d6380000)
  from space 1536K, 87% used [0x00000000d6580000,0x00000000d66d0000,0x00000000d6700000)
  to   space 1536K, 0% used [0x00000000d6380000,0x00000000d6380000,0x00000000d6500000)
 ParOldGen       total 68608K, used 49212K [0x0000000080000000, 0x0000000084300000, 0x00000000d5580000)
  object space 68608K, 71% used [0x0000000080000000,0x000000008300f228,0x0000000084300000)
 Metaspace       used 66854K, committed 68352K, reserved 1114112K
  class space    used 8363K, committed 9024K, reserved 1048576K
}
Event: 261.509 GC heap after
{Heap after GC invocations=66 (full 3):
 PSYoungGen      total 15872K, used 1506K [0x00000000d5580000, 0x00000000d6a80000, 0x0000000100000000)
  eden space 14336K, 0% used [0x00000000d5580000,0x00000000d5580000,0x00000000d6380000)
  from space 1536K, 98% used [0x00000000d6380000,0x00000000d64f8820,0x00000000d6500000)
  to   space 3584K, 0% used [0x00000000d6700000,0x00000000d6700000,0x00000000d6a80000)
 ParOldGen       total 68608K, used 50660K [0x0000000080000000, 0x0000000084300000, 0x00000000d5580000)
  object space 68608K, 73% used [0x0000000080000000,0x0000000083179228,0x0000000084300000)
 Metaspace       used 66854K, committed 68352K, reserved 1114112K
  class space    used 8363K, committed 9024K, reserved 1048576K
}
Event: 261.535 GC heap before
{Heap before GC invocations=67 (full 3):
 PSYoungGen      total 15872K, used 15842K [0x00000000d5580000, 0x00000000d6a80000, 0x0000000100000000)
  eden space 14336K, 100% used [0x00000000d5580000,0x00000000d6380000,0x00000000d6380000)
  from space 1536K, 98% used [0x00000000d6380000,0x00000000d64f8820,0x00000000d6500000)
  to   space 3584K, 0% used [0x00000000d6700000,0x00000000d6700000,0x00000000d6a80000)
 ParOldGen       total 68608K, used 50660K [0x0000000080000000, 0x0000000084300000, 0x00000000d5580000)
  object space 68608K, 73% used [0x0000000080000000,0x0000000083179228,0x0000000084300000)
 Metaspace       used 66860K, committed 68352K, reserved 1114112K
  class space    used 8363K, committed 9024K, reserved 1048576K
}
Event: 261.538 GC heap after
{Heap after GC invocations=67 (full 3):
 PSYoungGen      total 15872K, used 1536K [0x00000000d5580000, 0x00000000d6880000, 0x0000000100000000)
  eden space 14336K, 0% used [0x00000000d5580000,0x00000000d5580000,0x00000000d6380000)
  from space 1536K, 100% used [0x00000000d6700000,0x00000000d6880000,0x00000000d6880000)
  to   space 2048K, 0% used [0x00000000d6480000,0x00000000d6480000,0x00000000d6680000)
 ParOldGen       total 68608K, used 52074K [0x0000000080000000, 0x0000000084300000, 0x00000000d5580000)
  object space 68608K, 75% used [0x0000000080000000,0x00000000832dabc8,0x0000000084300000)
 Metaspace       used 66860K, committed 68352K, reserved 1114112K
  class space    used 8363K, committed 9024K, reserved 1048576K
}
Event: 261.596 GC heap before
{Heap before GC invocations=68 (full 3):
 PSYoungGen      total 15872K, used 15872K [0x00000000d5580000, 0x00000000d6880000, 0x0000000100000000)
  eden space 14336K, 100% used [0x00000000d5580000,0x00000000d6380000,0x00000000d6380000)
  from space 1536K, 100% used [0x00000000d6700000,0x00000000d6880000,0x00000000d6880000)
  to   space 2048K, 0% used [0x00000000d6480000,0x00000000d6480000,0x00000000d6680000)
 ParOldGen       total 68608K, used 52074K [0x0000000080000000, 0x0000000084300000, 0x00000000d5580000)
  object space 68608K, 75% used [0x0000000080000000,0x00000000832dabc8,0x0000000084300000)
 Metaspace       used 66874K, committed 68352K, reserved 1114112K
  class space    used 8363K, committed 9024K, reserved 1048576K
}
Event: 261.628 GC heap after
{Heap after GC invocations=68 (full 3):
 PSYoungGen      total 15872K, used 1184K [0x00000000d5580000, 0x00000000d6780000, 0x0000000100000000)
  eden space 14336K, 0% used [0x00000000d5580000,0x00000000d5580000,0x00000000d6380000)
  from space 1536K, 77% used [0x00000000d6480000,0x00000000d65a8000,0x00000000d6600000)
  to   space 1536K, 0% used [0x00000000d6600000,0x00000000d6600000,0x00000000d6780000)
 ParOldGen       total 68608K, used 53519K [0x0000000080000000, 0x0000000084300000, 0x00000000d5580000)
  object space 68608K, 78% used [0x0000000080000000,0x0000000083443df8,0x0000000084300000)
 Metaspace       used 66874K, committed 68352K, reserved 1114112K
  class space    used 8363K, committed 9024K, reserved 1048576K
}
Event: 261.738 GC heap before
{Heap before GC invocations=69 (full 3):
 PSYoungGen      total 15872K, used 15520K [0x00000000d5580000, 0x00000000d6780000, 0x0000000100000000)
  eden space 14336K, 100% used [0x00000000d5580000,0x00000000d6380000,0x00000000d6380000)
  from space 1536K, 77% used [0x00000000d6480000,0x00000000d65a8000,0x00000000d6600000)
  to   space 1536K, 0% used [0x00000000d6600000,0x00000000d6600000,0x00000000d6780000)
 ParOldGen       total 68608K, used 53519K [0x0000000080000000, 0x0000000084300000, 0x00000000d5580000)
  object space 68608K, 78% used [0x0000000080000000,0x0000000083443df8,0x0000000084300000)
 Metaspace       used 66883K, committed 68416K, reserved 1114112K
  class space    used 8363K, committed 9024K, reserved 1048576K
}
Event: 261.742 GC heap after
{Heap after GC invocations=69 (full 3):
 PSYoungGen      total 15360K, used 1508K [0x00000000d5580000, 0x00000000d6980000, 0x0000000100000000)
  eden space 13824K, 0% used [0x00000000d5580000,0x00000000d5580000,0x00000000d6300000)
  from space 1536K, 98% used [0x00000000d6600000,0x00000000d6779000,0x00000000d6780000)
  to   space 3072K, 0% used [0x00000000d6300000,0x00000000d6300000,0x00000000d6600000)
 ParOldGen       total 68608K, used 54591K [0x0000000080000000, 0x0000000084300000, 0x00000000d5580000)
  object space 68608K, 79% used [0x0000000080000000,0x000000008354fdf8,0x0000000084300000)
 Metaspace       used 66883K, committed 68416K, reserved 1114112K
  class space    used 8363K, committed 9024K, reserved 1048576K
}
Event: 261.810 GC heap before
{Heap before GC invocations=70 (full 3):
 PSYoungGen      total 15360K, used 15332K [0x00000000d5580000, 0x00000000d6980000, 0x0000000100000000)
  eden space 13824K, 100% used [0x00000000d5580000,0x00000000d6300000,0x00000000d6300000)
  from space 1536K, 98% used [0x00000000d6600000,0x00000000d6779000,0x00000000d6780000)
  to   space 3072K, 0% used [0x00000000d6300000,0x00000000d6300000,0x00000000d6600000)
 ParOldGen       total 68608K, used 54591K [0x0000000080000000, 0x0000000084300000, 0x00000000d5580000)
  object space 68608K, 79% used [0x0000000080000000,0x000000008354fdf8,0x0000000084300000)
 Metaspace       used 66901K, committed 68544K, reserved 1114112K
  class space    used 8366K, committed 9088K, reserved 1048576K
}
Event: 261.813 GC heap after
{Heap after GC invocations=70 (full 3):
 PSYoungGen      total 15360K, used 1280K [0x00000000d5580000, 0x00000000d6700000, 0x0000000100000000)
  eden space 13824K, 0% used [0x00000000d5580000,0x00000000d5580000,0x00000000d6300000)
  from space 1536K, 83% used [0x00000000d6300000,0x00000000d6440000,0x00000000d6480000)
  to   space 2048K, 0% used [0x00000000d6500000,0x00000000d6500000,0x00000000d6700000)
 ParOldGen       total 68608K, used 56039K [0x0000000080000000, 0x0000000084300000, 0x00000000d5580000)
  object space 68608K, 81% used [0x0000000080000000,0x00000000836b9ef8,0x0000000084300000)
 Metaspace       used 66901K, committed 68544K, reserved 1114112K
  class space    used 8366K, committed 9088K, reserved 1048576K
}
Event: 261.903 GC heap before
{Heap before GC invocations=71 (full 3):
 PSYoungGen      total 15360K, used 15104K [0x00000000d5580000, 0x00000000d6700000, 0x0000000100000000)
  eden space 13824K, 100% used [0x00000000d5580000,0x00000000d6300000,0x00000000d6300000)
  from space 1536K, 83% used [0x00000000d6300000,0x00000000d6440000,0x00000000d6480000)
  to   space 2048K, 0% used [0x00000000d6500000,0x00000000d6500000,0x00000000d6700000)
 ParOldGen       total 68608K, used 56039K [0x0000000080000000, 0x0000000084300000, 0x00000000d5580000)
  object space 68608K, 81% used [0x0000000080000000,0x00000000836b9ef8,0x0000000084300000)
 Metaspace       used 66931K, committed 68544K, reserved 1114112K
  class space    used 8366K, committed 9088K, reserved 1048576K
}
Event: 261.906 GC heap after
{Heap after GC invocations=71 (full 3):
 PSYoungGen      total 15872K, used 1504K [0x00000000d5580000, 0x00000000d6700000, 0x0000000100000000)
  eden space 13824K, 0% used [0x00000000d5580000,0x00000000d5580000,0x00000000d6300000)
  from space 2048K, 73% used [0x00000000d6500000,0x00000000d6678010,0x00000000d6700000)
  to   space 2048K, 0% used [0x00000000d6300000,0x00000000d6300000,0x00000000d6500000)
 ParOldGen       total 68608K, used 57223K [0x0000000080000000, 0x0000000084300000, 0x00000000d5580000)
  object space 68608K, 83% used [0x0000000080000000,0x00000000837e1ef8,0x0000000084300000)
 Metaspace       used 66931K, committed 68544K, reserved 1114112K
  class space    used 8366K, committed 9088K, reserved 1048576K
}
Event: 261.995 GC heap before
{Heap before GC invocations=72 (full 3):
 PSYoungGen      total 15872K, used 15327K [0x00000000d5580000, 0x00000000d6700000, 0x0000000100000000)
  eden space 13824K, 99% used [0x00000000d5580000,0x00000000d62fffe8,0x00000000d6300000)
  from space 2048K, 73% used [0x00000000d6500000,0x00000000d6678010,0x00000000d6700000)
  to   space 2048K, 0% used [0x00000000d6300000,0x00000000d6300000,0x00000000d6500000)
 ParOldGen       total 68608K, used 57223K [0x0000000080000000, 0x0000000084300000, 0x00000000d5580000)
  object space 68608K, 83% used [0x0000000080000000,0x00000000837e1ef8,0x0000000084300000)
 Metaspace       used 66999K, committed 68608K, reserved 1114112K
  class space    used 8367K, committed 9088K, reserved 1048576K
}
Event: 262.003 GC heap after
{Heap after GC invocations=72 (full 3):
 PSYoungGen      total 15360K, used 1304K [0x00000000d5580000, 0x00000000d6600000, 0x0000000100000000)
  eden space 13824K, 0% used [0x00000000d5580000,0x00000000d5580000,0x00000000d6300000)
  from space 1536K, 84% used [0x00000000d6300000,0x00000000d6446200,0x00000000d6480000)
  to   space 1536K, 0% used [0x00000000d6480000,0x00000000d6480000,0x00000000d6600000)
 ParOldGen       total 68608K, used 58559K [0x0000000080000000, 0x0000000084300000, 0x00000000d5580000)
  object space 68608K, 85% used [0x0000000080000000,0x000000008392ff08,0x0000000084300000)
 Metaspace       used 66999K, committed 68608K, reserved 1114112K
  class space    used 8367K, committed 9088K, reserved 1048576K
}
Event: 263.590 GC heap before
{Heap before GC invocations=73 (full 3):
 PSYoungGen      total 15360K, used 15128K [0x00000000d5580000, 0x00000000d6600000, 0x0000000100000000)
  eden space 13824K, 100% used [0x00000000d5580000,0x00000000d6300000,0x00000000d6300000)
  from space 1536K, 84% used [0x00000000d6300000,0x00000000d6446200,0x00000000d6480000)
  to   space 1536K, 0% used [0x00000000d6480000,0x00000000d6480000,0x00000000d6600000)
 ParOldGen       total 68608K, used 58559K [0x0000000080000000, 0x0000000084300000, 0x00000000d5580000)
  object space 68608K, 85% used [0x0000000080000000,0x000000008392ff08,0x0000000084300000)
 Metaspace       used 67418K, committed 68992K, reserved 1114112K
  class space    used 8417K, committed 9152K, reserved 1048576K
}
Event: 263.595 GC heap after
{Heap after GC invocations=73 (full 3):
 PSYoungGen      total 15360K, used 1024K [0x00000000d5580000, 0x00000000d6600000, 0x0000000100000000)
  eden space 13824K, 0% used [0x00000000d5580000,0x00000000d5580000,0x00000000d6300000)
  from space 1536K, 66% used [0x00000000d6480000,0x00000000d6580000,0x00000000d6600000)
  to   space 1536K, 0% used [0x00000000d6300000,0x00000000d6300000,0x00000000d6480000)
 ParOldGen       total 68608K, used 59768K [0x0000000080000000, 0x0000000084300000, 0x00000000d5580000)
  object space 68608K, 87% used [0x0000000080000000,0x0000000083a5e108,0x0000000084300000)
 Metaspace       used 67418K, committed 68992K, reserved 1114112K
  class space    used 8417K, committed 9152K, reserved 1048576K
}
Event: 265.167 GC heap before
{Heap before GC invocations=74 (full 3):
 PSYoungGen      total 15360K, used 14848K [0x00000000d5580000, 0x00000000d6600000, 0x0000000100000000)
  eden space 13824K, 100% used [0x00000000d5580000,0x00000000d6300000,0x00000000d6300000)
  from space 1536K, 66% used [0x00000000d6480000,0x00000000d6580000,0x00000000d6600000)
  to   space 1536K, 0% used [0x00000000d6300000,0x00000000d6300000,0x00000000d6480000)
 ParOldGen       total 68608K, used 59768K [0x0000000080000000, 0x0000000084300000, 0x00000000d5580000)
  object space 68608K, 87% used [0x0000000080000000,0x0000000083a5e108,0x0000000084300000)
 Metaspace       used 67915K, committed 69504K, reserved 1114112K
  class space    used 8489K, committed 9216K, reserved 1048576K
}
Event: 265.184 GC heap after
{Heap after GC invocations=74 (full 3):
 PSYoungGen      total 14336K, used 352K [0x00000000d5580000, 0x00000000d6500000, 0x0000000100000000)
  eden space 13824K, 0% used [0x00000000d5580000,0x00000000d5580000,0x00000000d6300000)
  from space 512K, 68% used [0x00000000d6300000,0x00000000d6358020,0x00000000d6380000)
  to   space 1024K, 0% used [0x00000000d6400000,0x00000000d6400000,0x00000000d6500000)
 ParOldGen       total 68608K, used 60643K [0x0000000080000000, 0x0000000084300000, 0x00000000d5580000)
  object space 68608K, 88% used [0x0000000080000000,0x0000000083b38ec0,0x0000000084300000)
 Metaspace       used 67915K, committed 69504K, reserved 1114112K
  class space    used 8489K, committed 9216K, reserved 1048576K
}
Event: 266.437 GC heap before
{Heap before GC invocations=75 (full 3):
 PSYoungGen      total 14336K, used 14176K [0x00000000d5580000, 0x00000000d6500000, 0x0000000100000000)
  eden space 13824K, 100% used [0x00000000d5580000,0x00000000d6300000,0x00000000d6300000)
  from space 512K, 68% used [0x00000000d6300000,0x00000000d6358020,0x00000000d6380000)
  to   space 1024K, 0% used [0x00000000d6400000,0x00000000d6400000,0x00000000d6500000)
 ParOldGen       total 68608K, used 60643K [0x0000000080000000, 0x0000000084300000, 0x00000000d5580000)
  object space 68608K, 88% used [0x0000000080000000,0x0000000083b38ec0,0x0000000084300000)
 Metaspace       used 69699K, committed 71296K, reserved 1114112K
  class space    used 8672K, committed 9408K, reserved 1048576K
}
Event: 266.439 GC heap after
{Heap after GC invocations=75 (full 3):
 PSYoungGen      total 14848K, used 768K [0x00000000d5580000, 0x00000000d6500000, 0x0000000100000000)
  eden space 13824K, 0% used [0x00000000d5580000,0x00000000d5580000,0x00000000d6300000)
  from space 1024K, 75% used [0x00000000d6400000,0x00000000d64c0020,0x00000000d6500000)
  to   space 1024K, 0% used [0x00000000d6300000,0x00000000d6300000,0x00000000d6400000)
 ParOldGen       total 68608K, used 60906K [0x0000000080000000, 0x0000000084300000, 0x00000000d5580000)
  object space 68608K, 88% used [0x0000000080000000,0x0000000083b7aa78,0x0000000084300000)
 Metaspace       used 69699K, committed 71296K, reserved 1114112K
  class space    used 8672K, committed 9408K, reserved 1048576K
}

Dll operation events (15 events):
Event: 0.807 Loaded shared library c:\Users\Srinithi\.cursor\extensions\redhat.java-1.52.0-win32-x64\jre\21.0.9-win32-x86_64\bin\java.dll
Event: 0.886 Loaded shared library c:\Users\Srinithi\.cursor\extensions\redhat.java-1.52.0-win32-x64\jre\21.0.9-win32-x86_64\bin\zip.dll
Event: 0.910 Loaded shared library C:\Users\Srinithi\.cursor\extensions\redhat.java-1.52.0-win32-x64\jre\21.0.9-win32-x86_64\bin\instrument.dll
Event: 0.915 Loaded shared library C:\Users\Srinithi\.cursor\extensions\redhat.java-1.52.0-win32-x64\jre\21.0.9-win32-x86_64\bin\net.dll
Event: 0.917 Loaded shared library C:\Users\Srinithi\.cursor\extensions\redhat.java-1.52.0-win32-x64\jre\21.0.9-win32-x86_64\bin\nio.dll
Event: 0.920 Loaded shared library C:\Users\Srinithi\.cursor\extensions\redhat.java-1.52.0-win32-x64\jre\21.0.9-win32-x86_64\bin\zip.dll
Event: 0.936 Loaded shared library C:\Users\Srinithi\.cursor\extensions\redhat.java-1.52.0-win32-x64\jre\21.0.9-win32-x86_64\bin\jimage.dll
Event: 1.008 Loaded shared library c:\Users\Srinithi\.cursor\extensions\redhat.java-1.52.0-win32-x64\jre\21.0.9-win32-x86_64\bin\verify.dll
Event: 22.463 Loaded shared library C:\Users\Srinithi\AppData\Roaming\Cursor\User\globalStorage\redhat.java\1.52.0\config_win\org.eclipse.equinox.launcher\org.eclipse.equinox.launcher.win32.win32.x86_64_1.2.1500.v20260121-1430\eclipse_11919.dll
Event: 36.135 Loaded shared library C:\Users\Srinithi\AppData\Local\Temp\jna--168534704\jna6233474025566312158.dll
Event: 67.673 Loaded shared library C:\Users\Srinithi\.gradle\native\1def1411415f61bf3af743bc5b6707747c0891f09f0c88961ee8f79bc544acac\windows-amd64\native-platform.dll
Event: 101.403 Loaded shared library C:\Users\Srinithi\.cursor\extensions\redhat.java-1.52.0-win32-x64\jre\21.0.9-win32-x86_64\bin\management.dll
Event: 101.413 Loaded shared library C:\Users\Srinithi\.cursor\extensions\redhat.java-1.52.0-win32-x64\jre\21.0.9-win32-x86_64\bin\management_ext.dll
Event: 111.599 Loaded shared library C:\Users\Srinithi\.cursor\extensions\redhat.java-1.52.0-win32-x64\jre\21.0.9-win32-x86_64\bin\extnet.dll
Event: 133.133 Loaded shared library C:\Users\Srinithi\.cursor\extensions\redhat.java-1.52.0-win32-x64\jre\21.0.9-win32-x86_64\bin\sunmscapi.dll

Deoptimization events (20 events):
Event: 341.551 Thread 0x000002337ee52900 Uncommon trap: trap_request=0xffffff45 fr.pc=0x0000023307d75d44 relative=0x0000000000000384
Event: 341.551 Thread 0x000002337ee52900 Uncommon trap: reason=unstable_if action=reinterpret pc=0x0000023307d75d44 method=java.io.BufferedOutputStream.implWrite([BII)V @ 5 c2
Event: 341.551 Thread 0x000002337ee52900 DEOPT PACKING pc=0x0000023307d75d44 sp=0x000000a71dbfea20
Event: 341.551 Thread 0x000002337ee52900 DEOPT UNPACKING pc=0x0000023307583aa2 sp=0x000000a71dbfe970 mode 2
Event: 341.656 Thread 0x000002337ee52900 Uncommon trap: trap_request=0xffffff45 fr.pc=0x000002330802d7a4 relative=0x00000000000002a4
Event: 341.656 Thread 0x000002337ee52900 Uncommon trap: reason=unstable_if action=reinterpret pc=0x000002330802d7a4 method=java.io.InputStream.read([BII)I @ 52 c2
Event: 341.656 Thread 0x000002337ee52900 DEOPT PACKING pc=0x000002330802d7a4 sp=0x000000a71dbfed80
Event: 341.656 Thread 0x000002337ee52900 DEOPT UNPACKING pc=0x0000023307583aa2 sp=0x000000a71dbfed20 mode 2
Event: 1284.295 Thread 0x000002337ee52900 Uncommon trap: trap_request=0xffffff45 fr.pc=0x00000233081159d0 relative=0x0000000000001790
Event: 1284.789 Thread 0x000002337ee52900 Uncommon trap: reason=unstable_if action=reinterpret pc=0x00000233081159d0 method=org.eclipse.core.internal.utils.StringPool.add(Ljava/lang/String;)Ljava/lang/String; @ 1 c2
Event: 1284.973 Thread 0x000002337ee52900 DEOPT PACKING pc=0x00000233081159d0 sp=0x000000a71dbfef50
Event: 1285.465 Thread 0x000002337ee52900 DEOPT UNPACKING pc=0x0000023307583aa2 sp=0x000000a71dbfeea8 mode 2
Event: 1285.627 Thread 0x000002337ee52900 Uncommon trap: trap_request=0xffffff45 fr.pc=0x0000023308111f80 relative=0x00000000000017c0
Event: 1285.627 Thread 0x000002337ee52900 Uncommon trap: reason=unstable_if action=reinterpret pc=0x0000023308111f80 method=org.eclipse.core.internal.utils.StringPool.add(Ljava/lang/String;)Ljava/lang/String; @ 1 c2
Event: 1285.628 Thread 0x000002337ee52900 DEOPT PACKING pc=0x0000023308111f80 sp=0x000000a71dbfef00
Event: 1285.653 Thread 0x000002337ee52900 DEOPT UNPACKING pc=0x0000023307583aa2 sp=0x000000a71dbfeea8 mode 2
Event: 4273.618 Thread 0x000002335a0e2fa0 DEOPT PACKING pc=0x00000233010a36ab sp=0x000000a71d9ff3b0
Event: 4273.621 Thread 0x000002335a0e2fa0 DEOPT UNPACKING pc=0x0000023307584242 sp=0x000000a71d9fe898 mode 0
Event: 4609.668 Thread 0x000002337ee53620 DEOPT PACKING pc=0x00000233010a36ab sp=0x000000a71ddff120
Event: 4609.744 Thread 0x000002337ee53620 DEOPT UNPACKING pc=0x0000023307584242 sp=0x000000a71ddfe608 mode 0

Classes loaded (20 events):
Event: 263.199 Loading class java/util/concurrent/CompletableFuture$UniApply
Event: 263.200 Loading class java/util/concurrent/CompletableFuture$UniCompletion
Event: 263.200 Loading class java/util/concurrent/CompletableFuture$UniCompletion done
Event: 263.200 Loading class java/util/concurrent/CompletableFuture$UniApply done
Event: 263.206 Loading class java/util/concurrent/CompletableFuture$UniAccept
Event: 263.207 Loading class java/util/concurrent/CompletableFuture$UniAccept done
Event: 263.207 Loading class java/util/concurrent/CompletableFuture$UniExceptionally
Event: 263.207 Loading class java/util/concurrent/CompletableFuture$UniExceptionally done
Event: 264.052 Loading class java/io/SequenceInputStream
Event: 264.071 Loading class java/io/SequenceInputStream done
Event: 340.384 Loading class java/util/stream/Nodes$CollectorTask$OfRef
Event: 340.400 Loading class java/util/stream/Nodes$CollectorTask
Event: 340.449 Loading class java/util/stream/Nodes$CollectorTask done
Event: 340.450 Loading class java/util/stream/Nodes$CollectorTask$OfRef done
Event: 340.459 Loading class java/util/function/LongFunction
Event: 340.459 Loading class java/util/function/LongFunction done
Event: 340.471 Loading class java/util/stream/Nodes$ConcNode
Event: 340.472 Loading class java/util/stream/Nodes$AbstractConcNode
Event: 340.492 Loading class java/util/stream/Nodes$AbstractConcNode done
Event: 340.492 Loading class java/util/stream/Nodes$ConcNode done

Classes unloaded (7 events):
Event: 37.054 Thread 0x0000023379890c10 Unloading class 0x00000233141ab400 'java/lang/invoke/LambdaForm$MH+0x00000233141ab400'
Event: 37.054 Thread 0x0000023379890c10 Unloading class 0x00000233141ab000 'java/lang/invoke/LambdaForm$MH+0x00000233141ab000'
Event: 37.054 Thread 0x0000023379890c10 Unloading class 0x00000233141aac00 'java/lang/invoke/LambdaForm$MH+0x00000233141aac00'
Event: 37.054 Thread 0x0000023379890c10 Unloading class 0x00000233141aa800 'java/lang/invoke/LambdaForm$MH+0x00000233141aa800'
Event: 37.054 Thread 0x0000023379890c10 Unloading class 0x00000233141aa400 'java/lang/invoke/LambdaForm$BMH+0x00000233141aa400'
Event: 37.054 Thread 0x0000023379890c10 Unloading class 0x00000233141aa000 'java/lang/invoke/LambdaForm$DMH+0x00000233141aa000'
Event: 37.054 Thread 0x0000023379890c10 Unloading class 0x00000233141a8c00 'java/lang/invoke/LambdaForm$DMH+0x00000233141a8c00'

Classes redefined (0 events):
No events

Internal exceptions (20 events):
Event: 264.529 Thread 0x000002337ee53cb0 Exception <a 'sun/nio/fs/WindowsException'{0x00000000d5b178a8}> (0x00000000d5b178a8) 
thrown [s\src\hotspot\share\prims\jni.cpp, line 520]
Event: 264.529 Thread 0x000002337ee53cb0 Exception <a 'sun/nio/fs/WindowsException'{0x00000000d5b18188}> (0x00000000d5b18188) 
thrown [s\src\hotspot\share\prims\jni.cpp, line 520]
Event: 264.534 Thread 0x000002337ee53cb0 Exception <a 'sun/nio/fs/WindowsException'{0x00000000d5b19ad8}> (0x00000000d5b19ad8) 
thrown [s\src\hotspot\share\prims\jni.cpp, line 520]
Event: 264.535 Thread 0x000002337ee53cb0 Exception <a 'sun/nio/fs/WindowsException'{0x00000000d5b1a3b8}> (0x00000000d5b1a3b8) 
thrown [s\src\hotspot\share\prims\jni.cpp, line 520]
Event: 265.628 Thread 0x000002337ee556f0 Exception <a 'java/lang/NoSuchMethodError'{0x00000000d57bd460}: 'int java.lang.invoke.DirectMethodHandle$Holder.invokeStatic(java.lang.Object)'> (0x00000000d57bd460) 
thrown [s\src\hotspot\share\interpreter\linkResolver.cpp, line 773]
Event: 265.993 Thread 0x000002337ee556f0 Exception <a 'java/io/FileNotFoundException'{0x00000000d5874628}> (0x00000000d5874628) 
thrown [s\src\hotspot\share\prims\jni.cpp, line 520]
Event: 265.994 Thread 0x000002337ee556f0 Exception <a 'java/io/FileNotFoundException'{0x00000000d5875910}> (0x00000000d5875910) 
thrown [s\src\hotspot\share\prims\jni.cpp, line 520]
Event: 265.994 Thread 0x000002337ee556f0 Exception <a 'java/io/FileNotFoundException'{0x00000000d5876948}> (0x00000000d5876948) 
thrown [s\src\hotspot\share\prims\jni.cpp, line 520]
Event: 266.856 Thread 0x000002337ee556f0 Exception <a 'java/lang/NoSuchMethodError'{0x00000000d577fc08}: 'java.lang.Object java.lang.invoke.DirectMethodHandle$Holder.invokeVirtual(java.lang.Object, java.lang.Object, int)'> (0x00000000d577fc08) 
thrown [s\src\hotspot\share\interpreter\linkResolver.cpp, line 773]
Event: 266.959 Thread 0x000002337ee556f0 Exception <a 'sun/nio/fs/WindowsException'{0x00000000d5875948}> (0x00000000d5875948) 
thrown [s\src\hotspot\share\prims\jni.cpp, line 520]
Event: 266.959 Thread 0x000002337ee556f0 Exception <a 'sun/nio/fs/WindowsException'{0x00000000d5875f78}> (0x00000000d5875f78) 
thrown [s\src\hotspot\share\prims\jni.cpp, line 520]
Event: 266.960 Thread 0x000002337ee556f0 Exception <a 'sun/nio/fs/WindowsException'{0x00000000d5876920}> (0x00000000d5876920) 
thrown [s\src\hotspot\share\prims\jni.cpp, line 520]
Event: 266.960 Thread 0x000002337ee556f0 Exception <a 'sun/nio/fs/WindowsException'{0x00000000d5876f50}> (0x00000000d5876f50) 
thrown [s\src\hotspot\share\prims\jni.cpp, line 520]
Event: 340.981 Thread 0x000002337ee52900 Exception <a 'sun/nio/fs/WindowsException'{0x00000000d59fbc80}> (0x00000000d59fbc80) 
thrown [s\src\hotspot\share\prims\jni.cpp, line 520]
Event: 340.987 Thread 0x000002337ee52900 Exception <a 'sun/nio/fs/WindowsException'{0x00000000d59fc7b8}> (0x00000000d59fc7b8) 
thrown [s\src\hotspot\share\prims\jni.cpp, line 520]
Event: 341.005 Thread 0x000002337ee52900 Implicit null exception at 0x0000023307ec02a6 to 0x0000023307ec04ac
Event: 341.525 Thread 0x000002337ee52900 Exception <a 'java/lang/NoSuchMethodError'{0x00000000d5a460c0}: 'java.lang.Object java.lang.invoke.DirectMethodHandle$Holder.newInvokeSpecial(java.lang.Object, java.lang.Object, java.lang.Object, java.lang.Object, java.lang.Object, java.lang.Object, java.lang.Object, java.lang.Object)'> (0x00000000d5a460c0) 
thrown [s\src\hotspot\share\interpreter\linkResolver.cpp, line 773]
Event: 1284.294 Thread 0x000002337ee52900 Implicit null exception at 0x000002330811428f to 0x00000233081159b8
Event: 1285.610 Thread 0x000002337ee52900 Implicit null exception at 0x000002330811080e to 0x0000023308111f6c
Event: 4198.560 Thread 0x000002335a0e0ed0 Exception <a 'java/lang/IncompatibleClassChangeError'{0x00000000d5b75890}: Found class java.lang.Object, but interface was expected> (0x00000000d5b75890) 
thrown [s\src\hotspot\share\interpreter\linkResolver.cpp, line 840]

ZGC Phase Switch (0 events):
No events

VM Operations (20 events):
Event: 4443.035 Executing VM operation: HandshakeAllThreads (HandshakeForDeflation)
Event: 4443.039 Executing VM operation: HandshakeAllThreads (HandshakeForDeflation) done
Event: 4443.041 Executing VM operation: RendezvousGCThreads
Event: 4443.041 Executing VM operation: RendezvousGCThreads done
Event: 4503.198 Executing VM operation: HandshakeAllThreads (HandshakeForDeflation)
Event: 4503.265 Executing VM operation: HandshakeAllThreads (HandshakeForDeflation) done
Event: 4503.265 Executing VM operation: RendezvousGCThreads
Event: 4503.279 Executing VM operation: RendezvousGCThreads done
Event: 4563.299 Executing VM operation: HandshakeAllThreads (HandshakeForDeflation)
Event: 4563.389 Executing VM operation: HandshakeAllThreads (HandshakeForDeflation) done
Event: 4563.390 Executing VM operation: RendezvousGCThreads
Event: 4563.404 Executing VM operation: RendezvousGCThreads done
Event: 4623.397 Executing VM operation: HandshakeAllThreads (HandshakeForDeflation)
Event: 4623.790 Executing VM operation: HandshakeAllThreads (HandshakeForDeflation) done
Event: 4623.790 Executing VM operation: RendezvousGCThreads
Event: 4623.888 Executing VM operation: RendezvousGCThreads done
Event: 4683.650 Executing VM operation: HandshakeAllThreads (HandshakeForDeflation)
Event: 4684.021 Executing VM operation: HandshakeAllThreads (HandshakeForDeflation) done
Event: 4684.021 Executing VM operation: RendezvousGCThreads
Event: 4684.026 Executing VM operation: RendezvousGCThreads done

Memory protections (0 events):
No events

Nmethod flushes (20 events):
Event: 109.334 Thread 0x0000023379890c10 flushing  nmethod 0x0000023300a3ae90
Event: 109.334 Thread 0x0000023379890c10 flushing  nmethod 0x0000023300a3b790
Event: 109.334 Thread 0x0000023379890c10 flushing  nmethod 0x0000023300a3bf10
Event: 109.334 Thread 0x0000023379890c10 flushing  nmethod 0x0000023300a3dd90
Event: 109.334 Thread 0x0000023379890c10 flushing  nmethod 0x0000023300a3fc90
Event: 109.334 Thread 0x0000023379890c10 flushing osr nmethod 0x0000023300a45110
Event: 109.334 Thread 0x0000023379890c10 flushing  nmethod 0x0000023300a47710
Event: 109.334 Thread 0x0000023379890c10 flushing  nmethod 0x0000023300a48910
Event: 109.334 Thread 0x0000023379890c10 flushing  nmethod 0x0000023300a49890
Event: 109.334 Thread 0x0000023379890c10 flushing  nmethod 0x0000023300a4df10
Event: 109.334 Thread 0x0000023379890c10 flushing  nmethod 0x0000023300a4e810
Event: 109.334 Thread 0x0000023379890c10 flushing  nmethod 0x0000023300a4ee10
Event: 109.334 Thread 0x0000023379890c10 flushing  nmethod 0x0000023300a4f210
Event: 109.334 Thread 0x0000023379890c10 flushing  nmethod 0x0000023300a4f610
Event: 109.334 Thread 0x0000023379890c10 flushing  nmethod 0x0000023300a4fc90
Event: 109.334 Thread 0x0000023379890c10 flushing  nmethod 0x0000023300a50190
Event: 109.335 Thread 0x0000023379890c10 flushing  nmethod 0x0000023300a51a10
Event: 109.335 Thread 0x0000023379890c10 flushing  nmethod 0x0000023300a52190
Event: 109.335 Thread 0x0000023379890c10 flushing  nmethod 0x0000023300a5d090
Event: 109.335 Thread 0x0000023379890c10 flushing  nmethod 0x0000023300a5e490

Events (20 events):
Event: 245.247 Thread 0x000002337ee56aa0 Thread added: 0x000002337ee53cb0
Event: 245.319 Thread 0x000002337ee53cb0 Thread added: 0x000002337ee59200
Event: 247.490 Thread 0x000002337ee53cb0 Thread added: 0x000002337ee577c0
Event: 247.541 Thread 0x000002337ee577c0 Thread exited: 0x000002337ee577c0
Event: 247.542 Thread 0x000002337ee59200 Thread exited: 0x000002337ee59200
Event: 247.996 Thread 0x000002337ee53cb0 Thread exited: 0x000002337ee53cb0
Event: 257.863 Thread 0x000002337ee56aa0 Thread added: 0x000002337ee53cb0
Event: 257.867 Thread 0x000002337ee53cb0 Thread added: 0x000002337ee577c0
Event: 324.592 Thread 0x000002337ee53cb0 Thread exited: 0x000002337ee53cb0
Event: 325.372 Thread 0x000002335a0dda50 Thread exited: 0x000002335a0dda50
Event: 325.372 Thread 0x000002337ee56aa0 Thread exited: 0x000002337ee56aa0
Event: 336.569 Thread 0x000002337eb3ac10 Thread added: 0x000002335977ec80
Event: 339.738 Thread 0x000002335977ec80 Thread exited: 0x000002335977ec80
Event: 340.145 Thread 0x000002337ee52900 Thread added: 0x000002335a0dda50
Event: 340.499 Thread 0x000002335a0dda50 Thread exited: 0x000002335a0dda50
Event: 341.204 Thread 0x000002337ee52900 Thread added: 0x000002335a0dda50
Event: 341.254 Thread 0x000002335a0dda50 Thread exited: 0x000002335a0dda50
Event: 341.788 Thread 0x000002337ee556f0 Thread added: 0x000002335a0dda50
Event: 384.606 Thread 0x000002337ee577c0 Thread exited: 0x000002337ee577c0
Event: 401.790 Thread 0x000002335a0dda50 Thread exited: 0x000002335a0dda50


Dynamic libraries:
0x00007ff71bfe0000 - 0x00007ff71bfee000 	c:\Users\Srinithi\.cursor\extensions\redhat.java-1.52.0-win32-x64\jre\21.0.9-win32-x86_64\bin\java.exe
0x00007ff818840000 - 0x00007ff818aa8000 	C:\windows\SYSTEM32\ntdll.dll
0x00007ff8178e0000 - 0x00007ff8179a9000 	C:\windows\System32\KERNEL32.DLL
0x00007ff815270000 - 0x00007ff815661000 	C:\windows\System32\KERNELBASE.dll
0x00007ff815890000 - 0x00007ff8159db000 	C:\windows\System32\ucrtbase.dll
0x00007fffb8220000 - 0x00007fffb823e000 	c:\Users\Srinithi\.cursor\extensions\redhat.java-1.52.0-win32-x64\jre\21.0.9-win32-x86_64\bin\VCRUNTIME140.dll
0x00007fffdafd0000 - 0x00007fffdafe8000 	c:\Users\Srinithi\.cursor\extensions\redhat.java-1.52.0-win32-x64\jre\21.0.9-win32-x86_64\bin\jli.dll
0x00007ff8183a0000 - 0x00007ff818566000 	C:\windows\System32\USER32.dll
0x00007ff8159e0000 - 0x00007ff815a07000 	C:\windows\System32\win32u.dll
0x00007ff818370000 - 0x00007ff81839b000 	C:\windows\System32\GDI32.dll
0x00007ff815a10000 - 0x00007ff815b3b000 	C:\windows\System32\gdi32full.dll
0x00007ff815670000 - 0x00007ff815713000 	C:\windows\System32\msvcp_win.dll
0x00007ffffa700000 - 0x00007ffffa993000 	C:\windows\WinSxS\amd64_microsoft.windows.common-controls_6595b64144ccf1df_6.0.26100.7705_none_3e06597ae3363b04\COMCTL32.dll
0x00007ff818630000 - 0x00007ff8186d9000 	C:\windows\System32\msvcrt.dll
0x00007ff817810000 - 0x00007ff817841000 	C:\windows\System32\IMM32.DLL
0x00007ffffd510000 - 0x00007ffffd51c000 	c:\Users\Srinithi\.cursor\extensions\redhat.java-1.52.0-win32-x64\jre\21.0.9-win32-x86_64\bin\vcruntime140_1.dll
0x00007fff47380000 - 0x00007fff4740d000 	c:\Users\Srinithi\.cursor\extensions\redhat.java-1.52.0-win32-x64\jre\21.0.9-win32-x86_64\bin\msvcp140.dll
0x00007fff3c920000 - 0x00007fff3d6c0000 	c:\Users\Srinithi\.cursor\extensions\redhat.java-1.52.0-win32-x64\jre\21.0.9-win32-x86_64\bin\server\jvm.dll
0x00007ff818570000 - 0x00007ff818624000 	C:\windows\System32\ADVAPI32.dll
0x00007ff818240000 - 0x00007ff8182e6000 	C:\windows\System32\sechost.dll
0x00007ff8170f0000 - 0x00007ff817208000 	C:\windows\System32\RPCRT4.dll
0x00007ff818770000 - 0x00007ff8187e4000 	C:\windows\System32\WS2_32.dll
0x00007ff814f80000 - 0x00007ff814fde000 	C:\windows\SYSTEM32\POWRPROF.dll
0x00007ff80aa10000 - 0x00007ff80aa45000 	C:\windows\SYSTEM32\WINMM.dll
0x00007ff807960000 - 0x00007ff80796b000 	C:\windows\SYSTEM32\VERSION.dll
0x00007ff814f60000 - 0x00007ff814f74000 	C:\windows\SYSTEM32\UMPDC.dll
0x00007ff813ed0000 - 0x00007ff813eeb000 	C:\windows\SYSTEM32\kernel.appcore.dll
0x00007ffff7fa0000 - 0x00007ffff7faa000 	c:\Users\Srinithi\.cursor\extensions\redhat.java-1.52.0-win32-x64\jre\21.0.9-win32-x86_64\bin\jimage.dll
0x00007ff8083c0000 - 0x00007ff808602000 	C:\windows\SYSTEM32\DBGHELP.DLL
0x00007ff817480000 - 0x00007ff817806000 	C:\windows\System32\combase.dll
0x00007ff816dd0000 - 0x00007ff816ea7000 	C:\windows\System32\OLEAUT32.dll
0x00007ffff6b60000 - 0x00007ffff6b9b000 	C:\windows\SYSTEM32\dbgcore.DLL
0x00007ff815b40000 - 0x00007ff815be5000 	C:\windows\System32\bcryptPrimitives.dll
0x00007fffc5860000 - 0x00007fffc586f000 	c:\Users\Srinithi\.cursor\extensions\redhat.java-1.52.0-win32-x64\jre\21.0.9-win32-x86_64\bin\instrument.dll
0x00007fff9d840000 - 0x00007fff9d860000 	c:\Users\Srinithi\.cursor\extensions\redhat.java-1.52.0-win32-x64\jre\21.0.9-win32-x86_64\bin\java.dll
0x00007ff8179e0000 - 0x00007ff818131000 	C:\windows\System32\SHELL32.dll
0x00007ff815720000 - 0x00007ff81588a000 	C:\windows\System32\wintypes.dll
0x00007ff815bf0000 - 0x00007ff816452000 	C:\windows\System32\windows.storage.dll
0x00007ff818140000 - 0x00007ff818236000 	C:\windows\System32\SHCORE.dll
0x00007ff816ac0000 - 0x00007ff816b27000 	C:\windows\System32\shlwapi.dll
0x00007ff815040000 - 0x00007ff815069000 	C:\windows\SYSTEM32\profapi.dll
0x00007fff9c7f0000 - 0x00007fff9c808000 	c:\Users\Srinithi\.cursor\extensions\redhat.java-1.52.0-win32-x64\jre\21.0.9-win32-x86_64\bin\zip.dll
0x00007fffc34e0000 - 0x00007fffc34f0000 	C:\Users\Srinithi\.cursor\extensions\redhat.java-1.52.0-win32-x64\jre\21.0.9-win32-x86_64\bin\net.dll
0x00007ff80a4e0000 - 0x00007ff80a607000 	C:\windows\SYSTEM32\WINHTTP.dll
0x00007ff814440000 - 0x00007ff8144ab000 	C:\windows\system32\mswsock.dll
0x00007fff908c0000 - 0x00007fff908d6000 	C:\Users\Srinithi\.cursor\extensions\redhat.java-1.52.0-win32-x64\jre\21.0.9-win32-x86_64\bin\nio.dll
0x00007fffc1f50000 - 0x00007fffc1f60000 	c:\Users\Srinithi\.cursor\extensions\redhat.java-1.52.0-win32-x64\jre\21.0.9-win32-x86_64\bin\verify.dll
0x00007fff484b0000 - 0x00007fff484f5000 	C:\Users\Srinithi\AppData\Roaming\Cursor\User\globalStorage\redhat.java\1.52.0\config_win\org.eclipse.equinox.launcher\org.eclipse.equinox.launcher.win32.win32.x86_64_1.2.1500.v20260121-1430\eclipse_11919.dll
0x00007ff816c10000 - 0x00007ff816da7000 	C:\windows\System32\ole32.dll
0x00007ff814700000 - 0x00007ff81471b000 	C:\windows\SYSTEM32\CRYPTSP.dll
0x00007ff813e30000 - 0x00007ff813e69000 	C:\windows\system32\rsaenh.dll
0x00007ff8144f0000 - 0x00007ff81451b000 	C:\windows\SYSTEM32\USERENV.dll
0x00007ff815010000 - 0x00007ff81503a000 	C:\windows\SYSTEM32\bcrypt.dll
0x00007ff814720000 - 0x00007ff81472c000 	C:\windows\SYSTEM32\CRYPTBASE.dll
0x00007ff8138d0000 - 0x00007ff813904000 	C:\windows\SYSTEM32\IPHLPAPI.DLL
0x00007ff816dc0000 - 0x00007ff816dca000 	C:\windows\System32\NSI.dll
0x00007fff56ff0000 - 0x00007fff57039000 	C:\Users\Srinithi\AppData\Local\Temp\jna--168534704\jna6233474025566312158.dll
0x00007ff8186e0000 - 0x00007ff8186e8000 	C:\windows\System32\PSAPI.DLL
0x00007ff80f950000 - 0x00007ff80f96e000 	C:\windows\SYSTEM32\dhcpcsvc6.DLL
0x00007ff80f710000 - 0x00007ff80f733000 	C:\windows\SYSTEM32\dhcpcsvc.DLL
0x00007fff483a0000 - 0x00007fff483c7000 	C:\Users\Srinithi\.gradle\native\1def1411415f61bf3af743bc5b6707747c0891f09f0c88961ee8f79bc544acac\windows-amd64\native-platform.dll
0x00007fffc0890000 - 0x00007fffc089a000 	C:\Users\Srinithi\.cursor\extensions\redhat.java-1.52.0-win32-x64\jre\21.0.9-win32-x86_64\bin\management.dll
0x00007fffbfd20000 - 0x00007fffbfd2c000 	C:\Users\Srinithi\.cursor\extensions\redhat.java-1.52.0-win32-x64\jre\21.0.9-win32-x86_64\bin\management_ext.dll
0x00007fffba5a0000 - 0x00007fffba5a9000 	C:\Users\Srinithi\.cursor\extensions\redhat.java-1.52.0-win32-x64\jre\21.0.9-win32-x86_64\bin\extnet.dll
0x00007fffbed60000 - 0x00007fffbed6e000 	C:\Users\Srinithi\.cursor\extensions\redhat.java-1.52.0-win32-x64\jre\21.0.9-win32-x86_64\bin\sunmscapi.dll
0x00007ff816460000 - 0x00007ff8165d7000 	C:\windows\System32\CRYPT32.dll
0x00007ff814920000 - 0x00007ff814950000 	C:\windows\SYSTEM32\ncrypt.dll
0x00007ff8148d0000 - 0x00007ff81490f000 	C:\windows\SYSTEM32\NTASN1.dll
0x00007ff80aa70000 - 0x00007ff80aa78000 	C:\windows\system32\wshunix.dll

JVMTI agents:
c:\Users\Srinithi\.cursor\extensions\redhat.java-1.52.0-win32-x64\lombok\lombok-1.18.39-4050.jar path:c:\Users\Srinithi\.cursor\extensions\redhat.java-1.52.0-win32-x64\jre\21.0.9-win32-x86_64\bin\instrument.dll, loaded, initialized, instrumentlib options:none

dbghelp: loaded successfully - version: 4.0.5 - missing functions: none
symbol engine: initialized successfully - sym options: 0x614 - pdb path: .;c:\Users\Srinithi\.cursor\extensions\redhat.java-1.52.0-win32-x64\jre\21.0.9-win32-x86_64\bin;C:\windows\SYSTEM32;C:\windows\WinSxS\amd64_microsoft.windows.common-controls_6595b64144ccf1df_6.0.26100.7705_none_3e06597ae3363b04;c:\Users\Srinithi\.cursor\extensions\redhat.java-1.52.0-win32-x64\jre\21.0.9-win32-x86_64\bin\server;C:\Users\Srinithi\AppData\Roaming\Cursor\User\globalStorage\redhat.java\1.52.0\config_win\org.eclipse.equinox.launcher\org.eclipse.equinox.launcher.win32.win32.x86_64_1.2.1500.v20260121-1430;C:\Users\Srinithi\AppData\Local\Temp\jna--168534704;C:\Users\Srinithi\.gradle\native\1def1411415f61bf3af743bc5b6707747c0891f09f0c88961ee8f79bc544acac\windows-amd64

VM Arguments:
jvm_args: --add-modules=ALL-SYSTEM --add-opens=java.base/java.util=ALL-UNNAMED --add-opens=java.base/java.lang=ALL-UNNAMED --add-opens=java.base/sun.nio.fs=ALL-UNNAMED -Declipse.application=org.eclipse.jdt.ls.core.id1 -Dosgi.bundles.defaultStartLevel=4 -Declipse.product=org.eclipse.jdt.ls.core.product -Djava.import.generatesMetadataFilesAtProjectRoot=false -DDetectVMInstallationsJob.disabled=true -Dfile.encoding=utf8 -XX:+UseParallelGC -XX:GCTimeRatio=4 -XX:AdaptiveSizePolicyWeight=90 -Dsun.zip.disableMemoryMapping=true -Xmx2G -Xms100m -Xlog:disable -javaagent:c:\Users\Srinithi\.cursor\extensions\redhat.java-1.52.0-win32-x64\lombok\lombok-1.18.39-4050.jar -XX:+HeapDumpOnOutOfMemoryError -XX:HeapDumpPath=c:\Users\Srinithi\AppData\Roaming\Cursor\User\workspaceStorage\4bfdcf8b3d8df6b657fd0604f1fe5968\redhat.java -Daether.dependencyCollector.impl=bf 
java_command: c:\Users\Srinithi\.cursor\extensions\redhat.java-1.52.0-win32-x64\server\plugins\org.eclipse.equinox.launcher_1.7.100.v20251111-0406.jar -configuration c:\Users\Srinithi\AppData\Roaming\Cursor\User\globalStorage\redhat.java\1.52.0\config_win -data c:\Users\Srinithi\AppData\Roaming\Cursor\User\workspaceStorage\4bfdcf8b3d8df6b657fd0604f1fe5968\redhat.java\jdt_ws --pipe=\\.\pipe\lsp-8466acf608df3bc5bab93cae4791474f-sock
java_class_path (initial): c:\Users\Srinithi\.cursor\extensions\redhat.java-1.52.0-win32-x64\server\plugins\org.eclipse.equinox.launcher_1.7.100.v20251111-0406.jar
Launcher Type: SUN_STANDARD

[Global flags]
    uintx AdaptiveSizePolicyWeight                 = 90                                        {product} {command line}
     intx CICompilerCount                          = 4                                         {product} {ergonomic}
    uintx GCTimeRatio                              = 4                                         {product} {command line}
     bool HeapDumpOnOutOfMemoryError               = true                                   {manageable} {command line}
    ccstr HeapDumpPath                             = c:\Users\Srinithi\AppData\Roaming\Cursor\User\workspaceStorage\4bfdcf8b3d8df6b657fd0604f1fe5968\redhat.java         {manageable} {command line}
   size_t InitialHeapSize                          = 104857600                                 {product} {command line}
   size_t MaxHeapSize                              = 2147483648                                {product} {command line}
   size_t MaxNewSize                               = 715653120                                 {product} {ergonomic}
   size_t MinHeapDeltaBytes                        = 524288                                    {product} {ergonomic}
   size_t MinHeapSize                              = 104857600                                 {product} {command line}
   size_t NewSize                                  = 34603008                                  {product} {ergonomic}
    uintx NonNMethodCodeHeapSize                   = 5839372                                {pd product} {ergonomic}
    uintx NonProfiledCodeHeapSize                  = 122909434                              {pd product} {ergonomic}
   size_t OldSize                                  = 70254592                                  {product} {ergonomic}
    uintx ProfiledCodeHeapSize                     = 122909434                              {pd product} {ergonomic}
    uintx ReservedCodeCacheSize                    = 251658240                              {pd product} {ergonomic}
     bool SegmentedCodeCache                       = true                                      {product} {ergonomic}
   size_t SoftMaxHeapSize                          = 2147483648                             {manageable} {ergonomic}
     bool UseCompressedOops                        = true                           {product lp64_product} {ergonomic}
     bool UseLargePagesIndividualAllocation        = false                                  {pd product} {ergonomic}
     bool UseParallelGC                            = true                                      {product} {command line}

Logging:
Log output configuration:
 #0: stdout all=off uptime,level,tags foldmultilines=false
 #1: stderr all=off uptime,level,tags foldmultilines=false

Release file:
JAVA_VERSION="21.0.9" 
MODULES="java.base java.compiler java.datatransfer java.xml java.prefs java.desktop java.instrument java.logging java.management java.security.sasl java.naming java.rmi java.management.rmi java.net.http java.scripting java.security.jgss java.transaction.xa java.sql java.sql.rowset java.xml.crypto java.se java.smartcardio jdk.accessibility jdk.internal.jvmstat jdk.attach jdk.charsets jdk.internal.opt jdk.zipfs jdk.compiler jdk.crypto.ec jdk.crypto.cryptoki jdk.crypto.mscapi jdk.dynalink jdk.internal.ed jdk.editpad jdk.hotspot.agent jdk.httpserver jdk.internal.le jdk.internal.vm.ci jdk.internal.vm.compiler jdk.internal.vm.compiler.management jdk.jartool jdk.javadoc jdk.jcmd jdk.management jdk.management.agent jdk.jconsole jdk.jdeps jdk.jdwp.agent jdk.jdi jdk.jfr jdk.jshell jdk.jsobject jdk.jstatd jdk.localedata jdk.management.jfr jdk.naming.dns jdk.naming.rmi jdk.net jdk.nio.mapmode jdk.random jdk.sctp jdk.security.auth jdk.security.jgss jdk.unsupported jdk.unsupported.desktop jdk.xml.dom" 

Environment Variables:
PATH=C:\app\Srinithi\product\18.0.0\dbhomeXE\bin;C:\Program Files\Common Files\Oracle\Java\javapath;C:\Program Files\Python313\Scripts\;C:\Program Files\Python313\;C:\windows\system32;C:\windows;C:\windows\System32\Wbem;C:\windows\System32\WindowsPowerShell\v1.0\;C:\windows\System32\OpenSSH\;C:\Program Files\HP\HP One Agent;C:\Program Files\Go\bin;C:\Program Files\nodejs\;C:\Git\cmd;C:\Program Files\MySQL\MySQL Shell 8.0\bin\;C:\Users\Srinithi\AppData\Local\Microsoft\WindowsApps;C:\Users\Srinithi\AppData\Local\Programs\Microsoft VS Code\bin;C:\Users\Srinithi\go\bin;C:\Users\Srinithi\AppData\Roaming\npm;C:\Users\Srinithi\Downloads\Git-2.49.0-64-bit.exe;C:\Users\Srinithi\AppData\Local\Programs\cursor\resources\app\bin
USERNAME=Srinithi
OS=Windows_NT
PROCESSOR_IDENTIFIER=AMD64 Family 23 Model 160 Stepping 0, AuthenticAMD
TMP=C:\Users\Srinithi\AppData\Local\Temp
TEMP=C:\Users\Srinithi\AppData\Local\Temp




Periodic native trim disabled

---------------  S Y S T E M  ---------------

OS:
 Windows 11 , 64 bit Build 26100 (10.0.26100.7705)
OS uptime: 4 days 20:45 hours
Hyper-V role detected

CPU: total 8 (initial active 8) (8 cores per cpu, 2 threads per core) family 23 model 160 stepping 0 microcode 0x8a0000b, cx8, cmov, fxsr, ht, mmx, 3dnowpref, sse, sse2, sse3, ssse3, sse4a, sse4.1, sse4.2, popcnt, lzcnt, tsc, tscinvbit, avx, avx2, aes, clmul, bmi1, bmi2, adx, sha, fma, vzeroupper, clflush, clflushopt, hv, rdtscp, rdpid, f16c
Processor Information for the first 8 processors :
  Max Mhz: 2401, Current Mhz: 2401, Mhz Limit: 2401

Memory: 4k page, system-wide physical 7412M (1069M free)
TotalPageFile size 29940M (AvailPageFile size 872M)
current process WorkingSet (physical memory assigned to process): 10M, peak: 235M
current process commit charge ("private bytes"): 361M, peak: 391M

vm_info: OpenJDK 64-Bit Server VM (21.0.9+10-LTS) for windows-amd64 JRE (21.0.9+10-LTS), built on 2025-10-21T00:00:00Z by "admin" with unknown MS VC++:1942

END.
